tls - некоторые из сайтов действительно не поддерживают хттпс так что все норм
connection reset by peer - меняй айпи
o timeout - уменшь vu
